----33554432-----
0.921526 secs = 9.215264e+05 us
0.833029 secs = 8.330292e+05 us
0.854175 secs = 8.541749e+05 us
0.852022 secs = 8.520225e+05 us
0.853303 secs = 8.533027e+05 us
0.855751 secs = 8.557508e+05 us
0.852027 secs = 8.520268e+05 us
0.854526 secs = 8.545257e+05 us
0.851043 secs = 8.510431e+05 us
0.854547 secs = 8.545474e+05 us
----67108864-----
1.746506 secs = 1.746506e+06 us
1.673604 secs = 1.673604e+06 us
1.715466 secs = 1.715466e+06 us
1.717112 secs = 1.717112e+06 us
1.718800 secs = 1.718800e+06 us
1.714622 secs = 1.714622e+06 us
1.716681 secs = 1.716681e+06 us
1.712992 secs = 1.712992e+06 us
1.712753 secs = 1.712753e+06 us
1.717996 secs = 1.717996e+06 us
----134217728-----
3.638187 secs = 3.638187e+06 us
3.544722 secs = 3.544722e+06 us
3.533275 secs = 3.533275e+06 us
3.534318 secs = 3.534318e+06 us
3.543356 secs = 3.543356e+06 us
3.530901 secs = 3.530901e+06 us
3.539891 secs = 3.539891e+06 us
3.531989 secs = 3.531989e+06 us
3.521672 secs = 3.521672e+06 us
3.511620 secs = 3.511620e+06 us
----268435456-----
7.317201 secs = 7.317201e+06 us
7.150937 secs = 7.150937e+06 us
7.119660 secs = 7.119660e+06 us
7.133457 secs = 7.133457e+06 us
7.110719 secs = 7.110719e+06 us
7.142045 secs = 7.142045e+06 us
7.120410 secs = 7.120410e+06 us
7.097099 secs = 7.097099e+06 us
7.111643 secs = 7.111643e+06 us
7.107585 secs = 7.107585e+06 us
----536870912-----
15.026856 secs = 1.502686e+07 us
14.654998 secs = 1.465500e+07 us
14.726035 secs = 1.472603e+07 us
14.636620 secs = 1.463662e+07 us
14.750368 secs = 1.475037e+07 us
14.703556 secs = 1.470356e+07 us
14.782489 secs = 1.478249e+07 us
14.721218 secs = 1.472122e+07 us
14.787964 secs = 1.478796e+07 us
14.708719 secs = 1.470872e+07 us
----1073741824-----
30.791408 secs = 3.079141e+07 us
30.056209 secs = 3.005621e+07 us
30.199740 secs = 3.019974e+07 us
30.125284 secs = 3.012528e+07 us
30.042153 secs = 3.004215e+07 us
30.111150 secs = 3.011115e+07 us
30.004375 secs = 3.000438e+07 us
29.967660 secs = 2.996766e+07 us
29.946413 secs = 2.994641e+07 us
30.022994 secs = 3.002299e+07 us
