----33554432-----
5.584200 secs = 5.584200e+06 us
5.533452 secs = 5.533452e+06 us
5.524138 secs = 5.524138e+06 us
5.524193 secs = 5.524193e+06 us
5.523794 secs = 5.523794e+06 us
5.523061 secs = 5.523061e+06 us
5.523904 secs = 5.523904e+06 us
5.520650 secs = 5.520650e+06 us
5.524620 secs = 5.524620e+06 us
5.523522 secs = 5.523522e+06 us
----67108864-----
11.486955 secs = 1.148696e+07 us
11.489316 secs = 1.148932e+07 us
11.496438 secs = 1.149644e+07 us
11.492336 secs = 1.149234e+07 us
11.494535 secs = 1.149454e+07 us
11.527326 secs = 1.152733e+07 us
11.495269 secs = 1.149527e+07 us
11.523745 secs = 1.152374e+07 us
11.495880 secs = 1.149588e+07 us
11.508037 secs = 1.150804e+07 us
----134217728-----
23.753548 secs = 2.375355e+07 us
23.715611 secs = 2.371561e+07 us
23.746020 secs = 2.374602e+07 us
23.695866 secs = 2.369587e+07 us
23.706142 secs = 2.370614e+07 us
23.735508 secs = 2.373551e+07 us
23.715915 secs = 2.371591e+07 us
23.797920 secs = 2.379792e+07 us
23.775543 secs = 2.377554e+07 us
23.774311 secs = 2.377431e+07 us
----268435456-----
49.098547 secs = 4.909855e+07 us
48.973557 secs = 4.897356e+07 us
48.984291 secs = 4.898429e+07 us
49.055809 secs = 4.905581e+07 us
49.128059 secs = 4.912806e+07 us
49.080629 secs = 4.908063e+07 us
48.979971 secs = 4.897997e+07 us
48.962662 secs = 4.896266e+07 us
49.074104 secs = 4.907410e+07 us
49.141720 secs = 4.914172e+07 us
----536870912-----
101.087802 secs = 1.010878e+08 us
101.296754 secs = 1.012968e+08 us
101.179812 secs = 1.011798e+08 us
101.193510 secs = 1.011935e+08 us
101.275550 secs = 1.012756e+08 us
101.122054 secs = 1.011221e+08 us
101.361312 secs = 1.013613e+08 us
101.139172 secs = 1.011392e+08 us
101.235139 secs = 1.012351e+08 us
101.139297 secs = 1.011393e+08 us
----1073741824-----
209.099790 secs = 2.090998e+08 us
208.910024 secs = 2.089100e+08 us
208.815562 secs = 2.088156e+08 us
208.904768 secs = 2.089048e+08 us
208.760471 secs = 2.087605e+08 us
208.725524 secs = 2.087255e+08 us
208.494056 secs = 2.084941e+08 us
208.391570 secs = 2.083916e+08 us
208.449516 secs = 2.084495e+08 us
208.510143 secs = 2.085101e+08 us
