----33554432-----
0.603766 secs = 6.037662e+05 us
0.518135 secs = 5.181346e+05 us
0.559683 secs = 5.596827e+05 us
0.563300 secs = 5.633003e+05 us
0.557918 secs = 5.579181e+05 us
0.557134 secs = 5.571336e+05 us
0.554815 secs = 5.548152e+05 us
0.557252 secs = 5.572519e+05 us
0.559073 secs = 5.590727e+05 us
0.560880 secs = 5.608798e+05 us
----67108864-----
1.077214 secs = 1.077214e+06 us
1.013512 secs = 1.013512e+06 us
1.074220 secs = 1.074220e+06 us
1.075025 secs = 1.075025e+06 us
1.087409 secs = 1.087409e+06 us
1.083787 secs = 1.083787e+06 us
1.093703 secs = 1.093703e+06 us
1.093657 secs = 1.093657e+06 us
1.090705 secs = 1.090705e+06 us
1.092525 secs = 1.092525e+06 us
----134217728-----
2.158493 secs = 2.158493e+06 us
2.155591 secs = 2.155591e+06 us
2.161934 secs = 2.161934e+06 us
2.177555 secs = 2.177555e+06 us
2.160599 secs = 2.160599e+06 us
2.157986 secs = 2.157986e+06 us
2.168105 secs = 2.168105e+06 us
2.156487 secs = 2.156487e+06 us
2.186111 secs = 2.186111e+06 us
2.144809 secs = 2.144809e+06 us
----268435456-----
4.311554 secs = 4.311554e+06 us
4.321230 secs = 4.321230e+06 us
4.355947 secs = 4.355947e+06 us
4.315176 secs = 4.315176e+06 us
4.335330 secs = 4.335330e+06 us
4.308693 secs = 4.308693e+06 us
4.327000 secs = 4.327000e+06 us
4.449121 secs = 4.449121e+06 us
4.310533 secs = 4.310533e+06 us
4.317566 secs = 4.317566e+06 us
----536870912-----
8.781833 secs = 8.781833e+06 us
8.905543 secs = 8.905543e+06 us
8.928718 secs = 8.928718e+06 us
8.924153 secs = 8.924153e+06 us
8.854424 secs = 8.854424e+06 us
8.836045 secs = 8.836045e+06 us
8.881402 secs = 8.881402e+06 us
8.818226 secs = 8.818226e+06 us
8.831480 secs = 8.831480e+06 us
8.859617 secs = 8.859617e+06 us
----1073741824-----
18.139157 secs = 1.813916e+07 us
18.999103 secs = 1.899910e+07 us
18.511094 secs = 1.851109e+07 us
18.037479 secs = 1.803748e+07 us
18.016907 secs = 1.801691e+07 us
18.198766 secs = 1.819877e+07 us
18.023439 secs = 1.802344e+07 us
18.005741 secs = 1.800574e+07 us
19.341686 secs = 1.934169e+07 us
19.196961 secs = 1.919696e+07 us
