----33554432-----
2.814522 secs = 2.814522e+06 us
2.794524 secs = 2.794524e+06 us
2.784711 secs = 2.784711e+06 us
2.786705 secs = 2.786705e+06 us
2.785371 secs = 2.785371e+06 us
2.787778 secs = 2.787778e+06 us
2.785515 secs = 2.785515e+06 us
2.795008 secs = 2.795008e+06 us
2.791537 secs = 2.791537e+06 us
2.788392 secs = 2.788392e+06 us
----67108864-----
5.805809 secs = 5.805809e+06 us
5.800769 secs = 5.800769e+06 us
5.799574 secs = 5.799574e+06 us
5.803931 secs = 5.803931e+06 us
5.811501 secs = 5.811501e+06 us
5.813788 secs = 5.813788e+06 us
5.809118 secs = 5.809118e+06 us
5.810768 secs = 5.810768e+06 us
5.798137 secs = 5.798137e+06 us
5.799904 secs = 5.799904e+06 us
----134217728-----
11.984749 secs = 1.198475e+07 us
11.973919 secs = 1.197392e+07 us
11.996360 secs = 1.199636e+07 us
11.972928 secs = 1.197293e+07 us
11.985330 secs = 1.198533e+07 us
11.994686 secs = 1.199469e+07 us
11.986147 secs = 1.198615e+07 us
11.979386 secs = 1.197939e+07 us
11.976684 secs = 1.197668e+07 us
11.980521 secs = 1.198052e+07 us
----268435456-----
24.848633 secs = 2.484863e+07 us
24.858005 secs = 2.485800e+07 us
24.832964 secs = 2.483296e+07 us
24.846415 secs = 2.484642e+07 us
24.846348 secs = 2.484635e+07 us
24.858254 secs = 2.485825e+07 us
24.801135 secs = 2.480113e+07 us
24.832759 secs = 2.483276e+07 us
24.849100 secs = 2.484910e+07 us
24.848035 secs = 2.484804e+07 us
----536870912-----
51.328832 secs = 5.132883e+07 us
51.278433 secs = 5.127843e+07 us
51.244378 secs = 5.124438e+07 us
51.155021 secs = 5.115502e+07 us
51.189944 secs = 5.118994e+07 us
51.191779 secs = 5.119178e+07 us
51.248082 secs = 5.124808e+07 us
51.306338 secs = 5.130634e+07 us
51.190372 secs = 5.119037e+07 us
51.282944 secs = 5.128294e+07 us
----1073741824-----
105.553189 secs = 1.055532e+08 us
105.649906 secs = 1.056499e+08 us
105.601994 secs = 1.056020e+08 us
105.391759 secs = 1.053918e+08 us
105.484481 secs = 1.054845e+08 us
105.340553 secs = 1.053406e+08 us
105.428476 secs = 1.054285e+08 us
105.440632 secs = 1.054406e+08 us
105.517550 secs = 1.055175e+08 us
105.363317 secs = 1.053633e+08 us
