----33554432-----
1.552729 secs = 1.552729e+06 us
1.511630 secs = 1.511630e+06 us
1.526299 secs = 1.526299e+06 us
1.526220 secs = 1.526220e+06 us
1.528760 secs = 1.528760e+06 us
1.530817 secs = 1.530817e+06 us
1.528080 secs = 1.528080e+06 us
1.528321 secs = 1.528321e+06 us
1.539507 secs = 1.539507e+06 us
1.523619 secs = 1.523619e+06 us
----67108864-----
3.117241 secs = 3.117241e+06 us
3.100738 secs = 3.100738e+06 us
3.105807 secs = 3.105807e+06 us
3.104275 secs = 3.104275e+06 us
3.104641 secs = 3.104641e+06 us
3.101758 secs = 3.101758e+06 us
3.104957 secs = 3.104957e+06 us
3.117542 secs = 3.117542e+06 us
3.100157 secs = 3.100157e+06 us
3.103183 secs = 3.103183e+06 us
----134217728-----
6.486196 secs = 6.486196e+06 us
6.416168 secs = 6.416168e+06 us
6.407737 secs = 6.407737e+06 us
6.422979 secs = 6.422979e+06 us
6.409184 secs = 6.409184e+06 us
6.411120 secs = 6.411120e+06 us
6.420416 secs = 6.420416e+06 us
6.436246 secs = 6.436246e+06 us
6.446937 secs = 6.446937e+06 us
6.426427 secs = 6.426427e+06 us
----268435456-----
13.418690 secs = 1.341869e+07 us
13.394268 secs = 1.339427e+07 us
13.393266 secs = 1.339327e+07 us
13.388057 secs = 1.338806e+07 us
13.410599 secs = 1.341060e+07 us
13.450268 secs = 1.345027e+07 us
13.396265 secs = 1.339626e+07 us
13.399724 secs = 1.339972e+07 us
13.399573 secs = 1.339957e+07 us
13.394798 secs = 1.339480e+07 us
----536870912-----
27.227509 secs = 2.722751e+07 us
27.373186 secs = 2.737319e+07 us
27.309161 secs = 2.730916e+07 us
27.303547 secs = 2.730355e+07 us
27.265812 secs = 2.726581e+07 us
27.361167 secs = 2.736117e+07 us
27.306511 secs = 2.730651e+07 us
27.327764 secs = 2.732776e+07 us
27.257020 secs = 2.725702e+07 us
27.388419 secs = 2.738842e+07 us
----1073741824-----
56.187999 secs = 5.618800e+07 us
56.131010 secs = 5.613101e+07 us
56.214076 secs = 5.621408e+07 us
56.160930 secs = 5.616093e+07 us
56.217393 secs = 5.621739e+07 us
56.249134 secs = 5.624913e+07 us
56.149088 secs = 5.614909e+07 us
56.156919 secs = 5.615692e+07 us
56.207818 secs = 5.620782e+07 us
56.523129 secs = 5.652313e+07 us
