----33554432-----
11.212571
11.186153
11.185772
11.184264
11.189288
11.172816
11.184589
11.184714
11.183069
11.181631
----67108864-----
23.247962
23.255614
23.255706
23.279903
23.280299
23.276814
23.274736
23.261977
23.252029
23.248333
----134217728-----
48.040259
48.082541
48.038691
48.030201
48.042596
48.052531
47.987940
48.009752
47.987417
48.013473
----268435456-----
98.968381
98.978451
98.984691
98.987166
98.969380
99.057417
99.075655
99.067645
99.075375
98.957862
----536870912-----
204.458804
204.644637
204.523293
204.555399
204.576161
204.564312
204.385454
204.383467
204.444310
204.459578
----1073741824-----
421.641440
421.918183
421.776611
421.682350
423.808122
422.917841
421.879394
423.350774
422.886982
422.707203
